// Vitest Snapshot v1, https://vitest.dev/guide/snapshot.html

exports[`prepareSwapSignedData() > should return the correct signed data for a NEP141 signature 1`] = `
{
  "payload": {
    "callbackUrl": undefined,
    "message": "{"foo":"bar"}",
    "nonce": "esXbbxyJNApGznX1v8kT5ojuat7jqUv84Ib+Q6hWdzI=",
    "recipient": "defuse.near",
  },
  "public_key": "ed25519:Gxa24TGbJu4mqdhW3GbvLXmf4bSEyxVicrtpChDWbgga",
  "signature": "ed25519:D33GxHszz1ZpkXpnEWYAwkQxeYBU9YCkTMKZ5uwDS1B9",
  "standard": "nep413",
}
`;

exports[`prepareSwapSignedData() > should return the correct signed data for a Solana signature 1`] = `
{
  "payload": "{"foo":"bar"}",
  "public_key": "ed25519:DRpbCBMxVnDK7maPM5tGv6MvB3v1sRMC86PZ8okm21hy",
  "signature": "ed25519:S88bG8B",
  "standard": "raw_ed25519",
}
`;

exports[`prepareSwapSignedData() > should return the correct signed data for an ERC191 signature 1`] = `
{
  "payload": "{"foo":"bar"}",
  "signature": "secp256k1:S88bG7i",
  "standard": "erc191",
}
`;
